^лабораторија<n><f><sg><nom><ind>/laboratory<n><sg><nom><ind>$ ^,<cm>/,<cm>$ ^вреден<adj><f><sg><nom><ind>/worth<adj><f><sg><nom><ind>/capable<adj><f><sg><nom><ind>/valuable<adj><f><sg><nom><ind>/industrious<adj><f><sg><nom><ind>/hard-working<adj><f><sg><nom><ind>$ ^околу<pr>/round<pr>/near<pr>/about<pr>/around<pr>$ 
bug6:	WARNING: Recogniser size 0 for key <select>hard\\-working<ANY_TAG>, skipping...
bug6:	WARNING: Recogniser size 0 for key <select>hard\\-working<ANY_TAG>, skipping...
bug6:	WARNING: Recogniser size 0 for key <select>hard\\-working<ANY_TAG>, skipping...
bug6:	WARNING: Recogniser size 0 for key <select>hard\\-working<ANY_TAG>, skipping...
bug6:	WARNING: Recogniser size 0 for key <select>hard\\-working<ANY_TAG>, skipping...
